Microsoft Windows [version 10.0.19041.804]
(c) 2020 Microsoft Corporation. Tous droits réservés.

C:\Users\user>git clone https://github.com/kolino688/simplecart-js.git
Cloning into 'simplecart-js'...
remote: Enumerating objects: 1042, done.
remote: Total 1042 (delta 0), reused 0 (delta 0), pack-reused 1042 eceiving objects:  97% (1011/1042), 316.01 KiB | 606.00 KiB/s
Receiving objects: 100% (1042/1042), 576.09 KiB | 731.00 KiB/s, done.
Resolving deltas: 100% (550/550), done.

C:\Users\user>C:\Users\user\Documents\gomycode\Learn-git-again
'C:\Users\user\Documents\gomycode\Learn-git-again' n’est pas reconnu en tant que commande interne
ou externe, un programme exécutable ou un fichier de commandes.

C:\Users\user>..
'..' n’est pas reconnu en tant que commande interne
ou externe, un programme exécutable ou un fichier de commandes.

C:\Users\user>list
'list' n’est pas reconnu en tant que commande interne
ou externe, un programme exécutable ou un fichier de commandes.

C:\Users\user>cm
'cm' n’est pas reconnu en tant que commande interne
ou externe, un programme exécutable ou un fichier de commandes.

C:\Users\user>cm Documents
'cm' n’est pas reconnu en tant que commande interne
ou externe, un programme exécutable ou un fichier de commandes.

C:\Users\user>list
'list' n’est pas reconnu en tant que commande interne
ou externe, un programme exécutable ou un fichier de commandes.

C:\Users\user>open
'open' n’est pas reconnu en tant que commande interne
ou externe, un programme exécutable ou un fichier de commandes.

C:\Users\user>enter
'enter' n’est pas reconnu en tant que commande interne
ou externe, un programme exécutable ou un fichier de commandes.

C:\Users\user>drive_name
'drive_name' n’est pas reconnu en tant que commande interne
ou externe, un programme exécutable ou un fichier de commandes.

C:\Users\user>cd Documents

C:\Users\user\Documents>cd gomycode\Learn-git-again

C:\Users\user\Documents\gomycode\Learn-git-again>git init
Initialized empty Git repository in C:/Users/user/Documents/gomycode/Learn-git-again/.git/

C:\Users\user\Documents\gomycode\Learn-git-again>git status
On branch master

No commits yet

nothing to commit (create/copy files and use "git add" to track)

C:\Users\user\Documents\gomycode\Learn-git-again>git add
Nothing specified, nothing added.
hint: Maybe you wanted to say 'git add .'?
hint: Turn this message off by running
hint: "git config advice.addEmptyPathspec false"

C:\Users\user\Documents\gomycode\Learn-git-again>git add .

C:\Users\user\Documents\gomycode\Learn-git-again>git status
On branch master

No commits yet

nothing to commit (create/copy files and use "git add" to track)

C:\Users\user\Documents\gomycode\Learn-git-again>git add Third.txt
fatal: pathspec 'Third.txt' did not match any files

C:\Users\user\Documents\gomycode\Learn-git-again>git add Third.txt
fatal: pathspec 'Third.txt' did not match any files

C:\Users\user\Documents\gomycode\Learn-git-again>git add Third.txt
fatal: pathspec 'Third.txt' did not match any files

C:\Users\user\Documents\gomycode\Learn-git-again>git add Third.txt

C:\Users\user\Documents\gomycode\Learn-git-again>git status
On branch master

No commits yet

Changes to be committed:
  (use "git rm --cached <file>..." to unstage)
        new file:   Third.txt


C:\Users\user\Documents\gomycode\Learn-git-again>git remote add origin https://github.com/kolino688/git-repository.git

C:\Users\user\Documents\gomycode\Learn-git-again>git status
On branch master

No commits yet

Changes to be committed:
  (use "git rm --cached <file>..." to unstage)
        new file:   Third.txt


C:\Users\user\Documents\gomycode\Learn-git-again>git add Third.txt

C:\Users\user\Documents\gomycode\Learn-git-again>git status
On branch master

No commits yet

Changes to be committed:
  (use "git rm --cached <file>..." to unstage)
        new file:   Third.txt


C:\Users\user\Documents\gomycode\Learn-git-again>git commit -m "adding third.txt"
Author identity unknown

*** Please tell me who you are.

Run

  git config --global user.email "you@example.com"
  git config --global user.name "Your Name"

to set your account's default identity.
Omit --global to set the identity only in this repository.

fatal: unable to auto-detect email address (got 'user@DESKTOP-9EQG32N.(none)')

C:\Users\user\Documents\gomycode\Learn-git-again>git push -u master
error: src refspec refs/heads/master does not match any
error: failed to push some refs to 'master'

C:\Users\user\Documents\gomycode\Learn-git-again>git config --global user.email "aminhbaieb90@gmail.com"

C:\Users\user\Documents\gomycode\Learn-git-again>git config --global user.name ""aminhb"

C:\Users\user\Documents\gomycode\Learn-git-again>git commit -m "adding third.txt"
[master (root-commit) 743e060] adding third.txt
 1 file changed, 0 insertions(+), 0 deletions(-)
 create mode 100644 Third.txt

C:\Users\user\Documents\gomycode\Learn-git-again>git push -u master
fatal: 'master' does not appear to be a git repository
fatal: Could not read from remote repository.

Please make sure you have the correct access rights
and the repository exists.

C:\Users\user\Documents\gomycode\Learn-git-again>git add Third.txt

C:\Users\user\Documents\gomycode\Learn-git-again>git status
On branch master
Changes to be committed:
  (use "git restore --staged <file>..." to unstage)
        deleted:    Third.txt


C:\Users\user\Documents\gomycode\Learn-git-again>git commit -m "adding third.txt"
[master e1df720] adding third.txt
 1 file changed, 0 insertions(+), 0 deletions(-)
 delete mode 100644 Third.txt

C:\Users\user\Documents\gomycode\Learn-git-again>git log
commit e1df72025f842035024b4d05940c9f151fbe6965 (HEAD -> master)
Author: aminhb <aminhbaieb90@gmail.com>
Date:   Mon Feb 15 18:03:40 2021 +0100

    adding third.txt

commit 743e06078924f4c0e78a2e709826d533606d9a57
Author: aminhb <aminhbaieb90@gmail.com>
Date:   Mon Feb 15 17:53:57 2021 +0100

    adding third.txt

C:\Users\user\Documents\gomycode\Learn-git-again>git add Fourth.txt
fatal: pathspec 'Fourth.txt' did not match any files

C:\Users\user\Documents\gomycode\Learn-git-again>git status
On branch master
nothing to commit, working tree clean

C:\Users\user\Documents\gomycode\Learn-git-again>git add Fourth.txt

C:\Users\user\Documents\gomycode\Learn-git-again>git status
On branch master
Changes to be committed:
  (use "git restore --staged <file>..." to unstage)
        new file:   Fourth.txt

Untracked files:
  (use "git add <file>..." to include in what will be committed)
        Third.txt


C:\Users\user\Documents\gomycode\Learn-git-again>git status
On branch master
Changes to be committed:
  (use "git restore --staged <file>..." to unstage)
        new file:   Fourth.txt

Untracked files:
  (use "git add <file>..." to include in what will be committed)
        Third.txt


C:\Users\user\Documents\gomycode\Learn-git-again>git status
On branch master
Changes to be committed:
  (use "git restore --staged <file>..." to unstage)
        new file:   Fourth.txt


C:\Users\user\Documents\gomycode\Learn-git-again>git commit -m "adding Fourth.txt"
[master 5ec047c] adding Fourth.txt
 1 file changed, 0 insertions(+), 0 deletions(-)
 create mode 100644 Fourth.txt

C:\Users\user\Documents\gomycode\Learn-git-again>git rm -cached [third.txt]
error: did you mean `--cached` (with two dashes)?

C:\Users\user\Documents\gomycode\Learn-git-again>git status
On branch master
nothing to commit, working tree clean

C:\Users\user\Documents\gomycode\Learn-git-again>git status
On branch master
Untracked files:
  (use "git add <file>..." to include in what will be committed)
        Third.txt

nothing added to commit but untracked files present (use "git add" to track)

C:\Users\user\Documents\gomycode\Learn-git-again>git status
On branch master
Changes not staged for commit:
  (use "git add/rm <file>..." to update what will be committed)
  (use "git restore <file>..." to discard changes in working directory)
        deleted:    Fourth.txt

no changes added to commit (use "git add" and/or "git commit -a")

C:\Users\user\Documents\gomycode\Learn-git-again>git status
On branch master
nothing to commit, working tree clean

C:\Users\user\Documents\gomycode\Learn-git-again>git add Fourth.txt

C:\Users\user\Documents\gomycode\Learn-git-again>git status
On branch master
nothing to commit, working tree clean

C:\Users\user\Documents\gomycode\Learn-git-again>git log
commit 5ec047c00aa661a0ed62ca16e37cd66cc9fa41b2 (HEAD -> master)
Author: aminhb <aminhbaieb90@gmail.com>
Date:   Mon Feb 15 18:10:05 2021 +0100

    adding Fourth.txt

commit e1df72025f842035024b4d05940c9f151fbe6965
Author: aminhb <aminhbaieb90@gmail.com>
Date:   Mon Feb 15 18:03:40 2021 +0100

    adding third.txt

commit 743e06078924f4c0e78a2e709826d533606d9a57
Author: aminhb <aminhbaieb90@gmail.com>
Date:   Mon Feb 15 17:53:57 2021 +0100

    adding third.txt

C:\Users\user\Documents\gomycode\Learn-git-again>git rm -cached [third.txt]
error: did you mean `--cached` (with two dashes)?

C:\Users\user\Documents\gomycode\Learn-git-again>git rm --cached [third.txt]
fatal: pathspec '[third.txt]' did not match any files

C:\Users\user\Documents\gomycode\Learn-git-again>git rm --cached [third.txt]
fatal: pathspec '[third.txt]' did not match any files

C:\Users\user\Documents\gomycode\Learn-git-again>git rm --cached [third.txt]
fatal: pathspec '[third.txt]' did not match any files

C:\Users\user\Documents\gomycode\Learn-git-again>git rm -cached [third.txt]
error: did you mean `--cached` (with two dashes)?

C:\Users\user\Documents\gomycode\Learn-git-again>git rm -cached [third]
error: did you mean `--cached` (with two dashes)?

C:\Users\user\Documents\gomycode\Learn-git-again>git rm --cached [third]
fatal: pathspec '[third]' did not match any files

C:\Users\user\Documents\gomycode\Learn-git-again>git rm --cached [third.txt]
fatal: pathspec '[third.txt]' did not match any files

C:\Users\user\Documents\gomycode\Learn-git-again>git add Third.txt

C:\Users\user\Documents\gomycode\Learn-git-again>git log
commit 5ec047c00aa661a0ed62ca16e37cd66cc9fa41b2 (HEAD -> master)
Author: aminhb <aminhbaieb90@gmail.com>
Date:   Mon Feb 15 18:10:05 2021 +0100

    adding Fourth.txt

commit e1df72025f842035024b4d05940c9f151fbe6965
Author: aminhb <aminhbaieb90@gmail.com>
Date:   Mon Feb 15 18:03:40 2021 +0100

    adding third.txt

commit 743e06078924f4c0e78a2e709826d533606d9a57
Author: aminhb <aminhbaieb90@gmail.com>
Date:   Mon Feb 15 17:53:57 2021 +0100

    adding third.txt

C:\Users\user\Documents\gomycode\Learn-git-again>git status
On branch master
Changes to be committed:
  (use "git restore --staged <file>..." to unstage)
        new file:   Third.txt


C:\Users\user\Documents\gomycode\Learn-git-again>git rm --cached [third]
fatal: pathspec '[third]' did not match any files

C:\Users\user\Documents\gomycode\Learn-git-again>git rm --cached [third.txt]
fatal: pathspec '[third.txt]' did not match any files

C:\Users\user\Documents\gomycode\Learn-git-again>git log
commit 5ec047c00aa661a0ed62ca16e37cd66cc9fa41b2 (HEAD -> master)
Author: aminhb <aminhbaieb90@gmail.com>
Date:   Mon Feb 15 18:10:05 2021 +0100

    adding Fourth.txt

commit e1df72025f842035024b4d05940c9f151fbe6965
Author: aminhb <aminhbaieb90@gmail.com>
Date:   Mon Feb 15 18:03:40 2021 +0100

    adding third.txt

commit 743e06078924f4c0e78a2e709826d533606d9a57
Author: aminhb <aminhbaieb90@gmail.com>
Date:   Mon Feb 15 17:53:57 2021 +0100

    adding third.txt

C:\Users\user\Documents\gomycode\Learn-git-again>git rm --cached [third.txt]
fatal: pathspec '[third.txt]' did not match any files

C:\Users\user\Documents\gomycode\Learn-git-again>git rm --cached [third]
fatal: pathspec '[third]' did not match any files

C:\Users\user\Documents\gomycode\Learn-git-again>git rm --cached [third]
fatal: pathspec '[third]' did not match any files

C:\Users\user\Documents\gomycode\Learn-git-again>git rm --cached [third.txt]
fatal: pathspec '[third.txt]' did not match any files

C:\Users\user\Documents\gomycode\Learn-git-again>git log
commit 5ec047c00aa661a0ed62ca16e37cd66cc9fa41b2 (HEAD -> master)
Author: aminhb <aminhbaieb90@gmail.com>
Date:   Mon Feb 15 18:10:05 2021 +0100

    adding Fourth.txt

commit e1df72025f842035024b4d05940c9f151fbe6965
Author: aminhb <aminhbaieb90@gmail.com>
Date:   Mon Feb 15 18:03:40 2021 +0100

    adding third.txt

commit 743e06078924f4c0e78a2e709826d533606d9a57
Author: aminhb <aminhbaieb90@gmail.com>
Date:   Mon Feb 15 17:53:57 2021 +0100

    adding third.txt

C:\Users\user\Documents\gomycode\Learn-git-again>git status
On branch master
Changes to be committed:
  (use "git restore --staged <file>..." to unstage)
        new file:   Third.txt

Changes not staged for commit:
  (use "git add/rm <file>..." to update what will be committed)
  (use "git restore <file>..." to discard changes in working directory)
        deleted:    Third.txt


C:\Users\user\Documents\gomycode\Learn-git-again>git commit -m " "removing third.txt" "
error: pathspec 'third.txt ' did not match any file(s) known to git

C:\Users\user\Documents\gomycode\Learn-git-again>git log
commit 5ec047c00aa661a0ed62ca16e37cd66cc9fa41b2 (HEAD -> master)
Author: aminhb <aminhbaieb90@gmail.com>
Date:   Mon Feb 15 18:10:05 2021 +0100

    adding Fourth.txt

commit e1df72025f842035024b4d05940c9f151fbe6965
Author: aminhb <aminhbaieb90@gmail.com>
Date:   Mon Feb 15 18:03:40 2021 +0100

    adding third.txt

commit 743e06078924f4c0e78a2e709826d533606d9a57
Author: aminhb <aminhbaieb90@gmail.com>
Date:   Mon Feb 15 17:53:57 2021 +0100

    adding third.txt

C:\Users\user\Documents\gomycode\Learn-git-again>git commit -m "adding Fourth.txt"
[master 20c6181] adding Fourth.txt
 1 file changed, 0 insertions(+), 0 deletions(-)
 create mode 100644 Third.txt

C:\Users\user\Documents\gomycode\Learn-git-again>git commit -m "removing third.txt"
On branch master
Changes not staged for commit:
  (use "git add/rm <file>..." to update what will be committed)
  (use "git restore <file>..." to discard changes in working directory)
        deleted:    Third.txt

no changes added to commit (use "git add" and/or "git commit -a")

C:\Users\user\Documents\gomycode\Learn-git-again>git log
commit 20c6181d77dfbc2729634e3f1b65639f680f9cd6 (HEAD -> master)
Author: aminhb <aminhbaieb90@gmail.com>
Date:   Mon Feb 15 18:27:24 2021 +0100

    adding Fourth.txt

commit 5ec047c00aa661a0ed62ca16e37cd66cc9fa41b2
Author: aminhb <aminhbaieb90@gmail.com>
Date:   Mon Feb 15 18:10:05 2021 +0100

    adding Fourth.txt

commit e1df72025f842035024b4d05940c9f151fbe6965
Author: aminhb <aminhbaieb90@gmail.com>
Date:   Mon Feb 15 18:03:40 2021 +0100

    adding third.txt

commit 743e06078924f4c0e78a2e709826d533606d9a57
Author: aminhb <aminhbaieb90@gmail.com>
Date:   Mon Feb 15 17:53:57 2021 +0100

    adding third.txt

C:\Users\user\Documents\gomycode\Learn-git-again>git log
commit 20c6181d77dfbc2729634e3f1b65639f680f9cd6 (HEAD -> master)
Author: aminhb <aminhbaieb90@gmail.com>
Date:   Mon Feb 15 18:27:24 2021 +0100

    adding Fourth.txt

commit 5ec047c00aa661a0ed62ca16e37cd66cc9fa41b2
Author: aminhb <aminhbaieb90@gmail.com>
Date:   Mon Feb 15 18:10:05 2021 +0100

    adding Fourth.txt

commit e1df72025f842035024b4d05940c9f151fbe6965
Author: aminhb <aminhbaieb90@gmail.com>
Date:   Mon Feb 15 18:03:40 2021 +0100

    adding third.txt

commit 743e06078924f4c0e78a2e709826d533606d9a57
Author: aminhb <aminhbaieb90@gmail.com>
Date:   Mon Feb 15 17:53:57 2021 +0100

    adding third.txt

C:\Users\user\Documents\gomycode\Learn-git-again>git rm --cached [third]
fatal: pathspec '[third]' did not match any files

C:\Users\user\Documents\gomycode\Learn-git-again>git rm --cached [third]
fatal: pathspec '[third]' did not match any files

C:\Users\user\Documents\gomycode\Learn-git-again>git rm --cached [third.txt]
fatal: pathspec '[third.txt]' did not match any files

C:\Users\user\Documents\gomycode\Learn-git-again>git rm [third.txt]
fatal: pathspec '[third.txt]' did not match any files

C:\Users\user\Documents\gomycode\Learn-git-again>git rm [third]
fatal: pathspec '[third]' did not match any files

C:\Users\user\Documents\gomycode\Learn-git-again>git config --global core.pager ''

C:\Users\user\Documents\gomycode\Learn-git-again>git config --global
usage: git config [<options>]

Config file location
    --global              use global config file
    --system              use system config file
    --local               use repository config file
    --worktree            use per-worktree config file
    -f, --file <file>     use given config file
    --blob <blob-id>      read config from given blob object

Action
    --get                 get value: name [value-pattern]
    --get-all             get all values: key [value-pattern]
    --get-regexp          get values for regexp: name-regex [value-pattern]
    --get-urlmatch        get value specific for the URL: section[.var] URL
    --replace-all         replace all matching variables: name value [value-pattern]
    --add                 add a new variable: name value
    --unset               remove a variable: name [value-pattern]
    --unset-all           remove all matches: name [value-pattern]
    --rename-section      rename section: old-name new-name
    --remove-section      remove a section: name
    -l, --list            list all
    --fixed-value         use string equality when comparing values to 'value-pattern'
    -e, --edit            open an editor
    --get-color           find the color configured: slot [default]
    --get-colorbool       find the color setting: slot [stdout-is-tty]

Type
    -t, --type <>         value is given this type
    --bool                value is "true" or "false"
    --int                 value is decimal number
    --bool-or-int         value is --bool or --int
    --bool-or-str         value is --bool or string
    --path                value is a path (file or directory name)
    --expiry-date         value is an expiry date

Other
    -z, --null            terminate values with NUL byte
    --name-only           show variable names only
    --includes            respect include directives on lookup
    --show-origin         show origin of config (file, standard input, blob, command line)
    --show-scope          show scope of config (worktree, local, global, system, command)
    --default <value>     with --get, use default value when missing entry


C:\Users\user\Documents\gomycode\Learn-git-again>git rm --cached third.txt
fatal: pathspec 'third.txt' did not match any files

C:\Users\user\Documents\gomycode\Learn-git-again>git bash here in the file
git: 'bash' is not a git command. See 'git --help'.

The most similar command is
        stash

C:\Users\user\Documents\gomycode\Learn-git-again>
C:\Users\user\Documents\gomycode\Learn-git-again>cd learn-git-again1/
Le chemin d’accès spécifié est introuvable.

C:\Users\user\Documents\gomycode\Learn-git-again>init to get a file tracked by git
'init' n’est pas reconnu en tant que commande interne
ou externe, un programme exécutable ou un fichier de commandes.

C:\Users\user\Documents\gomycode\Learn-git-again>touch test.txt
'touch' n’est pas reconnu en tant que commande interne
ou externe, un programme exécutable ou un fichier de commandes.

C:\Users\user\Documents\gomycode\Learn-git-again>git init
Reinitialized existing Git repository in C:/Users/user/Documents/gomycode/Learn-git-again/.git/

C:\Users\user\Documents\gomycode\Learn-git-again>git add
Nothing specified, nothing added.
hint: Maybe you wanted to say 'git add .'?
hint: Turn this message off by running
hint: "git config advice.addEmptyPathspec false"

C:\Users\user\Documents\gomycode\Learn-git-again>git rm -f test.js
fatal: pathspec 'test.js' did not match any files

C:\Users\user\Documents\gomycode\Learn-git-again>git rm --cached test.js
fatal: pathspec 'test.js' did not match any files

C:\Users\user\Documents\gomycode\Learn-git-again>